// Jest Snapshot v1, https://goo.gl/fbAQLP

exports[`Counter App testing should match snapshot 1`] = `
<div>
  <h1>
    CounterApp
  </h1>
  <h2
    data-testid="test-counter"
  >
     
    10
     
  </h2>
  <button>
    Increment
  </button>
  <button>
    Decrement
  </button>
  <button
    aria-label="btn-reset"
  >
    Reset
  </button>
</div>
`;
