// Jest Snapshot v1, https://goo.gl/fbAQLP

exports[`Testing on first App should match snapshot 1`] = `
<div>
  <h1
    data-testid="test-title"
  >
    Hello, I am Robb
  </h1>
  <p>
    There is no subtitle
  </p>
  <p>
    There is no subtitle
  </p>
  <p>
     
    There is no name
     
  </p>
</div>
`;
