// Jest Snapshot v1, https://goo.gl/fbAQLP

exports[`Testing on countr app component should match the snapshot 1`] = `
<div>
  <h1>
    CounterApp
  </h1>
  <h2
    data-testid="test-counter"
  >
     
    0
     
  </h2>
  <button>
    Increment
  </button>
  <button>
    Decrement
  </button>
  <button>
    Reset
  </button>
</div>
`;
